<?xml version="1.0" encoding="UTF-8"?>
<TestRun id="a7cc0fa8-72ea-4888-86ed-cd8505250f99" name="Dylan@DYLAN-TOSH 2012-02-01 12:06:05" runUser="Dylan-TOSH\Dylan" xmlns="http://microsoft.com/schemas/VisualStudio/TeamTest/2010">
  <TestSettings name="Default Test Settings" id="abcc4c36-4d6b-4040-849f-d7f554fe977d">
    <Deployment runDeploymentRoot="Dylan_DYLAN-TOSH 2012-02-01 12_06_05">
      <DeploymentItem filename="C:\Users\Dylan\Documents\Visual Studio 2010\Projects\CalculatorRepo\Calculator\bin\Debug\Calculator.exe" />
    </Deployment>
    <Execution>
      <TestTypeSpecific />
      <AgentRule name="Execution Agents">
      </AgentRule>
    </Execution>
  </TestSettings>
  <Times creation="2012-02-01T12:06:05.4995239+00:00" queuing="2012-02-01T12:06:06.9641462+00:00" start="2012-02-01T12:06:07.0577464+00:00" finish="2012-02-01T12:06:08.5085489+00:00" />
  <ResultSummary outcome="Completed">
    <Counters total="1" executed="1" passed="1" error="0" failed="0" timeout="0" aborted="0" inconclusive="0" passedButRunAborted="0" notRunnable="0" notExecuted="0" disconnected="0" warning="0" completed="0" inProgress="0" pending="0" />
  </ResultSummary>
  <TestDefinitions>
    <UnitTest name="TestEmptyString" storage="c:\users\dylan\documents\visual studio 2010\projects\calculatorrepo\calculatortest\bin\debug\calculatortest.dll" id="a25d280d-4293-61e3-65de-468b3b0f9c79">
      <Execution id="784565be-b2aa-4bf6-a757-d36c5ebeb0a4" />
      <TestMethod codeBase="C:/Users/Dylan/Documents/Visual Studio 2010/Projects/CalculatorRepo/CalculatorTest/bin/Debug/CalculatorTest.DLL" adapterTypeName="Microsoft.VisualStudio.TestTools.TestTypes.Unit.UnitTestAdapter, Microsoft.VisualStudio.QualityTools.Tips.UnitTest.Adapter, Version=10.0.0.0, Culture=neutral, PublicKeyToken=b03f5f7f11d50a3a" className="CalculatorTest.CalcTest, CalculatorTest, Version=1.0.0.0, Culture=neutral, PublicKeyToken=null" name="TestEmptyString" />
    </UnitTest>
  </TestDefinitions>
  <TestLists>
    <TestList name="Results Not in a List" id="8c84fa94-04c1-424b-9868-57a2d4851a1d" />
    <TestList name="All Loaded Results" id="19431567-8539-422a-85d7-44ee4e166bda" />
  </TestLists>
  <TestEntries>
    <TestEntry testId="a25d280d-4293-61e3-65de-468b3b0f9c79" executionId="784565be-b2aa-4bf6-a757-d36c5ebeb0a4" testListId="8c84fa94-04c1-424b-9868-57a2d4851a1d" />
  </TestEntries>
  <Results>
    <UnitTestResult executionId="784565be-b2aa-4bf6-a757-d36c5ebeb0a4" testId="a25d280d-4293-61e3-65de-468b3b0f9c79" testName="TestEmptyString" computerName="DYLAN-TOSH" duration="00:00:00.1115487" startTime="2012-02-01T12:06:07.1357465+00:00" endTime="2012-02-01T12:06:08.2433485+00:00" testType="13cdc9d9-ddb5-4fa4-a97d-d965ccfc6d4b" outcome="Passed" testListId="8c84fa94-04c1-424b-9868-57a2d4851a1d" relativeResultsDirectory="784565be-b2aa-4bf6-a757-d36c5ebeb0a4">
    </UnitTestResult>
  </Results>
</TestRun>