<?xml version="1.0" encoding="UTF-8"?>
<TestRun id="9776c21c-19ba-48cb-98a1-f349f9e0bcac" name="Dylan@DYLAN-TOSH 2012-02-01 10:36:48" runUser="Dylan-TOSH\Dylan" xmlns="http://microsoft.com/schemas/VisualStudio/TeamTest/2010">
  <TestSettings name="Default Test Settings" id="39cea90e-c3f9-4e54-8706-166b1a2870cb">
    <Deployment runDeploymentRoot="Dylan_DYLAN-TOSH 2012-02-01 10_36_48">
      <DeploymentItem filename="C:\Users\Dylan\Documents\Visual Studio 2010\Projects\CalculatorRepo\Calculator\bin\Debug\Calculator.exe" />
    </Deployment>
    <Execution>
      <TestTypeSpecific />
      <AgentRule name="Execution Agents">
      </AgentRule>
    </Execution>
  </TestSettings>
  <Times creation="2012-02-01T10:36:48.5996130+00:00" queuing="2012-02-01T10:36:48.7996132+00:00" start="2012-02-01T10:36:48.8196133+00:00" finish="2012-02-01T10:36:49.4396141+00:00" />
  <ResultSummary outcome="Failed">
    <Counters total="4" executed="4" passed="3" error="0" failed="1" timeout="0" aborted="0" inconclusive="0" passedButRunAborted="0" notRunnable="0" notExecuted="0" disconnected="0" warning="0" completed="0" inProgress="0" pending="0" />
  </ResultSummary>
  <TestDefinitions>
    <UnitTest name="TestDivideMethod" storage="c:\users\dylan\documents\visual studio 2010\projects\calculatorrepo\calculatortest\bin\debug\calculatortest.dll" id="3a99b09a-7642-5df7-aaf9-26c4b9868627">
      <Execution id="7499b043-82cf-48ca-8879-3f42246894ca" />
      <TestMethod codeBase="C:/Users/Dylan/Documents/Visual Studio 2010/Projects/CalculatorRepo/CalculatorTest/bin/Debug/CalculatorTest.DLL" adapterTypeName="Microsoft.VisualStudio.TestTools.TestTypes.Unit.UnitTestAdapter, Microsoft.VisualStudio.QualityTools.Tips.UnitTest.Adapter, Version=10.0.0.0, Culture=neutral, PublicKeyToken=b03f5f7f11d50a3a" className="CalculatorTest.CalcTest, CalculatorTest, Version=1.0.0.0, Culture=neutral, PublicKeyToken=null" name="TestDivideMethod" />
    </UnitTest>
    <UnitTest name="TestSubtractMethod" storage="c:\users\dylan\documents\visual studio 2010\projects\calculatorrepo\calculatortest\bin\debug\calculatortest.dll" id="f55850c3-82e2-aca8-5368-dd9badfe41ad">
      <Execution id="4b14b6aa-d1cc-4704-a8e5-6818f68568ed" />
      <TestMethod codeBase="C:/Users/Dylan/Documents/Visual Studio 2010/Projects/CalculatorRepo/CalculatorTest/bin/Debug/CalculatorTest.DLL" adapterTypeName="Microsoft.VisualStudio.TestTools.TestTypes.Unit.UnitTestAdapter, Microsoft.VisualStudio.QualityTools.Tips.UnitTest.Adapter, Version=10.0.0.0, Culture=neutral, PublicKeyToken=b03f5f7f11d50a3a" className="CalculatorTest.CalcTest, CalculatorTest, Version=1.0.0.0, Culture=neutral, PublicKeyToken=null" name="TestSubtractMethod" />
    </UnitTest>
    <UnitTest name="TestMultiplymethod" storage="c:\users\dylan\documents\visual studio 2010\projects\calculatorrepo\calculatortest\bin\debug\calculatortest.dll" id="ba2bc092-55c2-58ef-915c-329fad736577">
      <Execution id="87937fa4-f793-48f0-96c5-7d1670a681b6" />
      <TestMethod codeBase="C:/Users/Dylan/Documents/Visual Studio 2010/Projects/CalculatorRepo/CalculatorTest/bin/Debug/CalculatorTest.DLL" adapterTypeName="Microsoft.VisualStudio.TestTools.TestTypes.Unit.UnitTestAdapter, Microsoft.VisualStudio.QualityTools.Tips.UnitTest.Adapter, Version=10.0.0.0, Culture=neutral, PublicKeyToken=b03f5f7f11d50a3a" className="CalculatorTest.CalcTest, CalculatorTest, Version=1.0.0.0, Culture=neutral, PublicKeyToken=null" name="TestMultiplymethod" />
    </UnitTest>
    <UnitTest name="TestAdditionMethod" storage="c:\users\dylan\documents\visual studio 2010\projects\calculatorrepo\calculatortest\bin\debug\calculatortest.dll" id="372d0f80-80d9-771c-d909-9df1d51ccd5e">
      <Execution id="38a28931-c28f-4b7e-b430-be615526f78e" />
      <TestMethod codeBase="C:/Users/Dylan/Documents/Visual Studio 2010/Projects/CalculatorRepo/CalculatorTest/bin/Debug/CalculatorTest.DLL" adapterTypeName="Microsoft.VisualStudio.TestTools.TestTypes.Unit.UnitTestAdapter, Microsoft.VisualStudio.QualityTools.Tips.UnitTest.Adapter, Version=10.0.0.0, Culture=neutral, PublicKeyToken=b03f5f7f11d50a3a" className="CalculatorTest.CalcTest, CalculatorTest, Version=1.0.0.0, Culture=neutral, PublicKeyToken=null" name="TestAdditionMethod" />
    </UnitTest>
  </TestDefinitions>
  <TestLists>
    <TestList name="Results Not in a List" id="8c84fa94-04c1-424b-9868-57a2d4851a1d" />
    <TestList name="All Loaded Results" id="19431567-8539-422a-85d7-44ee4e166bda" />
  </TestLists>
  <TestEntries>
    <TestEntry testId="372d0f80-80d9-771c-d909-9df1d51ccd5e" executionId="38a28931-c28f-4b7e-b430-be615526f78e" testListId="8c84fa94-04c1-424b-9868-57a2d4851a1d" />
    <TestEntry testId="3a99b09a-7642-5df7-aaf9-26c4b9868627" executionId="7499b043-82cf-48ca-8879-3f42246894ca" testListId="8c84fa94-04c1-424b-9868-57a2d4851a1d" />
    <TestEntry testId="ba2bc092-55c2-58ef-915c-329fad736577" executionId="87937fa4-f793-48f0-96c5-7d1670a681b6" testListId="8c84fa94-04c1-424b-9868-57a2d4851a1d" />
    <TestEntry testId="f55850c3-82e2-aca8-5368-dd9badfe41ad" executionId="4b14b6aa-d1cc-4704-a8e5-6818f68568ed" testListId="8c84fa94-04c1-424b-9868-57a2d4851a1d" />
  </TestEntries>
  <Results>
    <UnitTestResult executionId="38a28931-c28f-4b7e-b430-be615526f78e" testId="372d0f80-80d9-771c-d909-9df1d51ccd5e" testName="TestAdditionMethod" computerName="DYLAN-TOSH" duration="00:00:00.0357151" startTime="2012-02-01T10:36:48.8296133+00:00" endTime="2012-02-01T10:36:49.2496138+00:00" testType="13cdc9d9-ddb5-4fa4-a97d-d965ccfc6d4b" outcome="Passed" testListId="8c84fa94-04c1-424b-9868-57a2d4851a1d" relativeResultsDirectory="38a28931-c28f-4b7e-b430-be615526f78e">
    </UnitTestResult>
    <UnitTestResult executionId="7499b043-82cf-48ca-8879-3f42246894ca" testId="3a99b09a-7642-5df7-aaf9-26c4b9868627" testName="TestDivideMethod" computerName="DYLAN-TOSH" duration="00:00:00.0048947" startTime="2012-02-01T10:36:49.2496138+00:00" endTime="2012-02-01T10:36:49.2696139+00:00" testType="13cdc9d9-ddb5-4fa4-a97d-d965ccfc6d4b" outcome="Passed" testListId="8c84fa94-04c1-424b-9868-57a2d4851a1d" relativeResultsDirectory="7499b043-82cf-48ca-8879-3f42246894ca">
    </UnitTestResult>
    <UnitTestResult executionId="87937fa4-f793-48f0-96c5-7d1670a681b6" testId="ba2bc092-55c2-58ef-915c-329fad736577" testName="TestMultiplymethod" computerName="DYLAN-TOSH" duration="00:00:00.1120186" startTime="2012-02-01T10:36:49.2696139+00:00" endTime="2012-02-01T10:36:49.3996141+00:00" testType="13cdc9d9-ddb5-4fa4-a97d-d965ccfc6d4b" outcome="Failed" testListId="8c84fa94-04c1-424b-9868-57a2d4851a1d" relativeResultsDirectory="87937fa4-f793-48f0-96c5-7d1670a681b6">
      <Output>
        <ErrorInfo>
          <Message>Assert.AreEqual failed. Expected:&lt;8&gt;. Actual:&lt;0&gt;. </Message>
          <StackTrace>   at CalculatorTest.CalcTest.TestMultiplymethod() in C:\Users\Dylan\Documents\Visual Studio 2010\Projects\CalculatorRepo\CalculatorTest\CalculatorTest.cs:line 65
</StackTrace>
        </ErrorInfo>
      </Output>
    </UnitTestResult>
    <UnitTestResult executionId="4b14b6aa-d1cc-4704-a8e5-6818f68568ed" testId="f55850c3-82e2-aca8-5368-dd9badfe41ad" testName="TestSubtractMethod" computerName="DYLAN-TOSH" duration="00:00:00.0032783" startTime="2012-02-01T10:36:49.3996141+00:00" endTime="2012-02-01T10:36:49.4096141+00:00" testType="13cdc9d9-ddb5-4fa4-a97d-d965ccfc6d4b" outcome="Passed" testListId="8c84fa94-04c1-424b-9868-57a2d4851a1d" relativeResultsDirectory="4b14b6aa-d1cc-4704-a8e5-6818f68568ed">
    </UnitTestResult>
  </Results>
</TestRun>